// Jest Snapshot v1, https://goo.gl/fbAQLP

exports[`should render the Review 1`] = `
Array [
  <div
    className="form"
  >
    <div
      className="form-heading"
    >
      What did you think about this episode?
    </div>
    <div
      className="form-input--rating"
    >
      <Rating
        currentRating="0"
        numberOfStars="5"
        onClick={[Function]}
        userReview={
          Object {
            "rating": 0,
            "review": "",
          }
        }
      />
    </div>
    <div
      className="form-input--text"
    >
      <textarea
        name="review"
        onChange={[Function]}
        placeholder="Tell us your thoughts!"
        rows="5"
      />
    </div>
    <div
      className="form-bottom"
    >
      <button
        className="form-bottom--submit"
        disabled={true}
        onClick={[Function]}
        type="submit"
      >
        Submit Rating
      </button>
    </div>
  </div>,
]
`;
